// Jest Snapshot v1, https://goo.gl/fbAQLP

exports[`App component renders App 1`] = `
<DocumentFragment>
  <button
    aria-label="undo"
  >
    undo
  </button>
  <button
    aria-label="redo"
  >
    redo
  </button>
  <input
    data-testid="colorpicker"
    type="color"
    value="#ffffff"
  />
  <div
    data-testid="colordiv"
    style="background-color: rgb(255, 255, 255); width: 10rem; height: 10rem;"
  />
</DocumentFragment>
`;
